{
  "version": "1.5.0",
  "plugins_used": [
    {
      "name": "ArtifactoryDetector"
    },
    {
      "name": "AWSKeyDetector"
    },
    {
      "name": "AzureStorageKeyDetector"
    },
    {
      "name": "Base64HighEntropyString",
      "limit": 4.5
    },
    {
      "name": "BasicAuthDetector"
    },
    {
      "name": "CloudantDetector"
    },
    {
      "name": "DiscordBotTokenDetector"
    },
    {
      "name": "GitHubTokenDetector"
    },
    {
      "name": "GitLabTokenDetector"
    },
    {
      "name": "HexHighEntropyString",
      "limit": 3.0
    },
    {
      "name": "IbmCloudIamDetector"
    },
    {
      "name": "IbmCosHmacDetector"
    },
    {
      "name": "IPPublicDetector"
    },
    {
      "name": "JwtTokenDetector"
    },
    {
      "name": "KeywordDetector",
      "keyword_exclude": ""
    },
    {
      "name": "MailchimpDetector"
    },
    {
      "name": "NpmDetector"
    },
    {
      "name": "OpenAIDetector"
    },
    {
      "name": "PrivateKeyDetector"
    },
    {
      "name": "PypiTokenDetector"
    },
    {
      "name": "SendGridDetector"
    },
    {
      "name": "SlackDetector"
    },
    {
      "name": "SoftlayerDetector"
    },
    {
      "name": "SquareOAuthDetector"
    },
    {
      "name": "StripeDetector"
    },
    {
      "name": "TelegramBotTokenDetector"
    },
    {
      "name": "TwilioKeyDetector"
    }
  ],
  "filters_used": [
    {
      "path": "detect_secrets.filters.allowlist.is_line_allowlisted"
    },
    {
      "path": "detect_secrets.filters.common.is_ignored_due_to_verification_policies",
      "min_level": 2
    },
    {
      "path": "detect_secrets.filters.heuristic.is_indirect_reference"
    },
    {
      "path": "detect_secrets.filters.heuristic.is_likely_id_string"
    },
    {
      "path": "detect_secrets.filters.heuristic.is_lock_file"
    },
    {
      "path": "detect_secrets.filters.heuristic.is_not_alphanumeric_string"
    },
    {
      "path": "detect_secrets.filters.heuristic.is_potential_uuid"
    },
    {
      "path": "detect_secrets.filters.heuristic.is_prefixed_with_dollar_sign"
    },
    {
      "path": "detect_secrets.filters.heuristic.is_sequential_string"
    },
    {
      "path": "detect_secrets.filters.heuristic.is_swagger_file"
    },
    {
      "path": "detect_secrets.filters.heuristic.is_templated_secret"
    }
  ],
  "results": {
    ".pytest_cache\\CACHEDIR.TAG": [
      {
        "type": "Hex High Entropy String",
        "filename": ".pytest_cache\\CACHEDIR.TAG",
        "hashed_secret": "e8f8c345877b2411a59897798e422b15b0c16d76",
        "is_verified": false,
        "line_number": 1
      }
    ],
    ".ruff_cache\\CACHEDIR.TAG": [
      {
        "type": "Hex High Entropy String",
        "filename": ".ruff_cache\\CACHEDIR.TAG",
        "hashed_secret": "e8f8c345877b2411a59897798e422b15b0c16d76",
        "is_verified": false,
        "line_number": 1
      }
    ],
    ".venv\\CACHEDIR.TAG": [
      {
        "type": "Hex High Entropy String",
        "filename": ".venv\\CACHEDIR.TAG",
        "hashed_secret": "e8f8c345877b2411a59897798e422b15b0c16d76",
        "is_verified": false,
        "line_number": 1
      }
    ],
    ".venv\\Lib\\site-packages\\detect_secrets-1.5.0.dist-info\\entry_points.txt": [
      {
        "type": "Secret Keyword",
        "filename": ".venv\\Lib\\site-packages\\detect_secrets-1.5.0.dist-info\\entry_points.txt",
        "hashed_secret": "a55cc495941ba0f382d3090386f5e07e63ef423d",
        "is_verified": false,
        "line_number": 2
      }
    ],
    ".venv\\Lib\\site-packages\\detect_secrets\\core\\potential_secret.py": [
      {
        "type": "Secret Keyword",
        "filename": ".venv\\Lib\\site-packages\\detect_secrets\\core\\potential_secret.py",
        "hashed_secret": "522bb49471c191584acd7dc2ceb42c03ca384a56",
        "is_verified": false,
        "line_number": 80
      }
    ],
    ".venv\\Lib\\site-packages\\detect_secrets\\main.py": [
      {
        "type": "Secret Keyword",
        "filename": ".venv\\Lib\\site-packages\\detect_secrets\\main.py",
        "hashed_secret": "97cdbdc7feff827efb082a6b6dd2727237cd49fd",
        "is_verified": false,
        "line_number": 96
      }
    ],
    ".venv\\Lib\\site-packages\\detect_secrets\\plugins\\artifactory.py": [
      {
        "type": "Secret Keyword",
        "filename": ".venv\\Lib\\site-packages\\detect_secrets\\plugins\\artifactory.py",
        "hashed_secret": "4825f8a411ba7cf9879a5f20331cab599299461a",
        "is_verified": false,
        "line_number": 8
      }
    ],
    ".venv\\Lib\\site-packages\\detect_secrets\\plugins\\aws.py": [
      {
        "type": "Secret Keyword",
        "filename": ".venv\\Lib\\site-packages\\detect_secrets\\plugins\\aws.py",
        "hashed_secret": "f2c45c60a2b1d2e8be265ff4b81faff4b90ac37d",
        "is_verified": false,
        "line_number": 23
      }
    ],
    ".venv\\Lib\\site-packages\\detect_secrets\\plugins\\azure_storage_key.py": [
      {
        "type": "Secret Keyword",
        "filename": ".venv\\Lib\\site-packages\\detect_secrets\\plugins\\azure_storage_key.py",
        "hashed_secret": "b80344e49f04ffacb0e65b37348bf05cf6435d28",
        "is_verified": false,
        "line_number": 11
      }
    ],
    ".venv\\Lib\\site-packages\\detect_secrets\\plugins\\base.py": [
      {
        "type": "Secret Keyword",
        "filename": ".venv\\Lib\\site-packages\\detect_secrets\\plugins\\base.py",
        "hashed_secret": "0beec7b5ea3f0fdbc95d0dd47f3c5bc275da8a33",
        "is_verified": false,
        "line_number": 156
      }
    ],
    ".venv\\Lib\\site-packages\\detect_secrets\\plugins\\basic_auth.py": [
      {
        "type": "Secret Keyword",
        "filename": ".venv\\Lib\\site-packages\\detect_secrets\\plugins\\basic_auth.py",
        "hashed_secret": "37b12e79df06e491c18cfe099eaf8aca6eae297c",
        "is_verified": false,
        "line_number": 17
      }
    ],
    ".venv\\Lib\\site-packages\\detect_secrets\\plugins\\cloudant.py": [
      {
        "type": "Secret Keyword",
        "filename": ".venv\\Lib\\site-packages\\detect_secrets\\plugins\\cloudant.py",
        "hashed_secret": "4010fd1234708a61d161d124b0cd8e0a79e9786a",
        "is_verified": false,
        "line_number": 14
      }
    ],
    ".venv\\Lib\\site-packages\\detect_secrets\\plugins\\discord.py": [
      {
        "type": "Secret Keyword",
        "filename": ".venv\\Lib\\site-packages\\detect_secrets\\plugins\\discord.py",
        "hashed_secret": "80e2bc3729001eef2f5b8e6bdf1632ed394aa8af",
        "is_verified": false,
        "line_number": 11
      }
    ],
    ".venv\\Lib\\site-packages\\detect_secrets\\plugins\\github_token.py": [
      {
        "type": "Secret Keyword",
        "filename": ".venv\\Lib\\site-packages\\detect_secrets\\plugins\\github_token.py",
        "hashed_secret": "677cedf7877737a2cb84fa055fb71200a93bd9ad",
        "is_verified": false,
        "line_number": 11
      }
    ],
    ".venv\\Lib\\site-packages\\detect_secrets\\plugins\\gitlab_token.py": [
      {
        "type": "Secret Keyword",
        "filename": ".venv\\Lib\\site-packages\\detect_secrets\\plugins\\gitlab_token.py",
        "hashed_secret": "ff9238b5782acd2176d54becea530127aeb3d8fe",
        "is_verified": false,
        "line_number": 12
      }
    ],
    ".venv\\Lib\\site-packages\\detect_secrets\\plugins\\high_entropy_strings.py": [
      {
        "type": "Secret Keyword",
        "filename": ".venv\\Lib\\site-packages\\detect_secrets\\plugins\\high_entropy_strings.py",
        "hashed_secret": "6fe31bb7eab1420120775f24ab313c585e5a0115",
        "is_verified": false,
        "line_number": 142
      },
      {
        "type": "Secret Keyword",
        "filename": ".venv\\Lib\\site-packages\\detect_secrets\\plugins\\high_entropy_strings.py",
        "hashed_secret": "2fd896385ddd0129c48bc014dc662af63082d200",
        "is_verified": false,
        "line_number": 160
      }
    ],
    ".venv\\Lib\\site-packages\\detect_secrets\\plugins\\ibm_cloud_iam.py": [
      {
        "type": "Secret Keyword",
        "filename": ".venv\\Lib\\site-packages\\detect_secrets\\plugins\\ibm_cloud_iam.py",
        "hashed_secret": "bc5d769a55d08aa6f3ed3f167c058ec35376fec0",
        "is_verified": false,
        "line_number": 12
      }
    ],
    ".venv\\Lib\\site-packages\\detect_secrets\\plugins\\ibm_cos_hmac.py": [
      {
        "type": "Secret Keyword",
        "filename": ".venv\\Lib\\site-packages\\detect_secrets\\plugins\\ibm_cos_hmac.py",
        "hashed_secret": "5ac3c034e6f3a896546359d21cb309575717f05b",
        "is_verified": false,
        "line_number": 21
      }
    ],
    ".venv\\Lib\\site-packages\\detect_secrets\\plugins\\ip_public.py": [
      {
        "type": "Secret Keyword",
        "filename": ".venv\\Lib\\site-packages\\detect_secrets\\plugins\\ip_public.py",
        "hashed_secret": "0b1f769a9e28e054d7df348c98b0cba1917febb4",
        "is_verified": false,
        "line_number": 19
      }
    ],
    ".venv\\Lib\\site-packages\\detect_secrets\\plugins\\jwt.py": [
      {
        "type": "Secret Keyword",
        "filename": ".venv\\Lib\\site-packages\\detect_secrets\\plugins\\jwt.py",
        "hashed_secret": "932ca321c659a3b97ee2611d4c44ec5f65e2aa9c",
        "is_verified": false,
        "line_number": 14
      }
    ],
    ".venv\\Lib\\site-packages\\detect_secrets\\plugins\\keyword.py": [
      {
        "type": "Secret Keyword",
        "filename": ".venv\\Lib\\site-packages\\detect_secrets\\plugins\\keyword.py",
        "hashed_secret": "f32b67c7e26342af42efabc674d441dca0a281c5",
        "is_verified": false,
        "line_number": 67
      },
      {
        "type": "Secret Keyword",
        "filename": ".venv\\Lib\\site-packages\\detect_secrets\\plugins\\keyword.py",
        "hashed_secret": "0beec7b5ea3f0fdbc95d0dd47f3c5bc275da8a33",
        "is_verified": false,
        "line_number": 122
      },
      {
        "type": "Secret Keyword",
        "filename": ".venv\\Lib\\site-packages\\detect_secrets\\plugins\\keyword.py",
        "hashed_secret": "62cdb7020ff920e5aa642c3d4066950dd1f01f4d",
        "is_verified": false,
        "line_number": 133
      },
      {
        "type": "Secret Keyword",
        "filename": ".venv\\Lib\\site-packages\\detect_secrets\\plugins\\keyword.py",
        "hashed_secret": "1af17e73721dbe0c40011b82ed4bb1a7dbe3ce29",
        "is_verified": false,
        "line_number": 196
      },
      {
        "type": "Secret Keyword",
        "filename": ".venv\\Lib\\site-packages\\detect_secrets\\plugins\\keyword.py",
        "hashed_secret": "f9b72e805000a5ea310939e167b6b1c2888125f7",
        "is_verified": false,
        "line_number": 269
      }
    ],
    ".venv\\Lib\\site-packages\\detect_secrets\\plugins\\mailchimp.py": [
      {
        "type": "Secret Keyword",
        "filename": ".venv\\Lib\\site-packages\\detect_secrets\\plugins\\mailchimp.py",
        "hashed_secret": "35903c2a33d34d4cd19835ee9493a65fc1a7e4bc",
        "is_verified": false,
        "line_number": 15
      }
    ],
    ".venv\\Lib\\site-packages\\detect_secrets\\plugins\\npm.py": [
      {
        "type": "Secret Keyword",
        "filename": ".venv\\Lib\\site-packages\\detect_secrets\\plugins\\npm.py",
        "hashed_secret": "91f845de51016327363f57d22da2466cbc652314",
        "is_verified": false,
        "line_number": 11
      }
    ],
    ".venv\\Lib\\site-packages\\detect_secrets\\plugins\\openai.py": [
      {
        "type": "Secret Keyword",
        "filename": ".venv\\Lib\\site-packages\\detect_secrets\\plugins\\openai.py",
        "hashed_secret": "660b79d7d79f4aaa174580076ef6e079b8a81914",
        "is_verified": false,
        "line_number": 11
      }
    ],
    ".venv\\Lib\\site-packages\\detect_secrets\\plugins\\private_key.py": [
      {
        "type": "Secret Keyword",
        "filename": ".venv\\Lib\\site-packages\\detect_secrets\\plugins\\private_key.py",
        "hashed_secret": "ade5ddaf2557ee93225fc565adbfe1ade3bae3a0",
        "is_verified": false,
        "line_number": 40
      },
      {
        "type": "Private Key",
        "filename": ".venv\\Lib\\site-packages\\detect_secrets\\plugins\\private_key.py",
        "hashed_secret": "daefe0b4345a654580dcad25c7c11ff4c944a8c0",
        "is_verified": false,
        "line_number": 45
      },
      {
        "type": "Private Key",
        "filename": ".venv\\Lib\\site-packages\\detect_secrets\\plugins\\private_key.py",
        "hashed_secret": "f0778f3e140a61d5bbbed5430773e52af2f5fba4",
        "is_verified": false,
        "line_number": 46
      },
      {
        "type": "Private Key",
        "filename": ".venv\\Lib\\site-packages\\detect_secrets\\plugins\\private_key.py",
        "hashed_secret": "27c6929aef41ae2bcadac15ca6abcaff72cda9cd",
        "is_verified": false,
        "line_number": 47
      },
      {
        "type": "Private Key",
        "filename": ".venv\\Lib\\site-packages\\detect_secrets\\plugins\\private_key.py",
        "hashed_secret": "4ada9713ec27066b2ffe0b7bd9c9c8d635dc4ab2",
        "is_verified": false,
        "line_number": 48
      },
      {
        "type": "Private Key",
        "filename": ".venv\\Lib\\site-packages\\detect_secrets\\plugins\\private_key.py",
        "hashed_secret": "1348b145fa1a555461c1b790a2f66614781091e9",
        "is_verified": false,
        "line_number": 49
      },
      {
        "type": "Private Key",
        "filename": ".venv\\Lib\\site-packages\\detect_secrets\\plugins\\private_key.py",
        "hashed_secret": "be4fc4886bd949b369d5e092eb87494f12e57e5b",
        "is_verified": false,
        "line_number": 50
      },
      {
        "type": "Private Key",
        "filename": ".venv\\Lib\\site-packages\\detect_secrets\\plugins\\private_key.py",
        "hashed_secret": "9279619d0c9a9529b0b223e3b809f4df24b8ba8b",
        "is_verified": false,
        "line_number": 51
      },
      {
        "type": "Private Key",
        "filename": ".venv\\Lib\\site-packages\\detect_secrets\\plugins\\private_key.py",
        "hashed_secret": "11200d1bf5e1eb358b5d823c443347d97e982a85",
        "is_verified": false,
        "line_number": 52
      }
    ],
    ".venv\\Lib\\site-packages\\detect_secrets\\plugins\\pypi_token.py": [
      {
        "type": "Secret Keyword",
        "filename": ".venv\\Lib\\site-packages\\detect_secrets\\plugins\\pypi_token.py",
        "hashed_secret": "9b42f32269056810ecc07889f4bc0f2f20afd427",
        "is_verified": false,
        "line_number": 11
      }
    ],
    ".venv\\Lib\\site-packages\\detect_secrets\\plugins\\sendgrid.py": [
      {
        "type": "Secret Keyword",
        "filename": ".venv\\Lib\\site-packages\\detect_secrets\\plugins\\sendgrid.py",
        "hashed_secret": "2c59a4461d825cb06039b5b4d3edf6b83dfac044",
        "is_verified": false,
        "line_number": 11
      }
    ],
    ".venv\\Lib\\site-packages\\detect_secrets\\plugins\\slack.py": [
      {
        "type": "Secret Keyword",
        "filename": ".venv\\Lib\\site-packages\\detect_secrets\\plugins\\slack.py",
        "hashed_secret": "f53d14b97c7cdfa2eaac4b240c8ff4876a47640a",
        "is_verified": false,
        "line_number": 17
      }
    ],
    ".venv\\Lib\\site-packages\\detect_secrets\\plugins\\softlayer.py": [
      {
        "type": "Secret Keyword",
        "filename": ".venv\\Lib\\site-packages\\detect_secrets\\plugins\\softlayer.py",
        "hashed_secret": "d5d8ace6d124d2522a81bfae43b01b5c905dc2b8",
        "is_verified": false,
        "line_number": 14
      }
    ],
    ".venv\\Lib\\site-packages\\detect_secrets\\plugins\\square_oauth.py": [
      {
        "type": "Secret Keyword",
        "filename": ".venv\\Lib\\site-packages\\detect_secrets\\plugins\\square_oauth.py",
        "hashed_secret": "cc357703e7cb9f49dabce90321937ace687b20f0",
        "is_verified": false,
        "line_number": 8
      }
    ],
    ".venv\\Lib\\site-packages\\detect_secrets\\plugins\\stripe.py": [
      {
        "type": "Secret Keyword",
        "filename": ".venv\\Lib\\site-packages\\detect_secrets\\plugins\\stripe.py",
        "hashed_secret": "b4685568c7c8d5d49451a187014711ebc75f70af",
        "is_verified": false,
        "line_number": 12
      }
    ],
    ".venv\\Lib\\site-packages\\detect_secrets\\plugins\\telegram_token.py": [
      {
        "type": "Secret Keyword",
        "filename": ".venv\\Lib\\site-packages\\detect_secrets\\plugins\\telegram_token.py",
        "hashed_secret": "abfd5b9f85b54e77c61438784d766292e3a7f46b",
        "is_verified": false,
        "line_number": 14
      }
    ],
    ".venv\\Lib\\site-packages\\detect_secrets\\plugins\\twilio.py": [
      {
        "type": "Secret Keyword",
        "filename": ".venv\\Lib\\site-packages\\detect_secrets\\plugins\\twilio.py",
        "hashed_secret": "688ecd55118006d5bad4cd43f4a26a98a06bec19",
        "is_verified": false,
        "line_number": 11
      },
      {
        "type": "Twilio API Key",
        "filename": ".venv\\Lib\\site-packages\\detect_secrets\\plugins\\twilio.py",
        "hashed_secret": "3c7206eff845bc69cf12d904d0f95f9aec15535e",
        "is_verified": false,
        "line_number": 14
      },
      {
        "type": "Twilio API Key",
        "filename": ".venv\\Lib\\site-packages\\detect_secrets\\plugins\\twilio.py",
        "hashed_secret": "34c2246140bc39b1fce81d9be2124f713a06bdaf",
        "is_verified": false,
        "line_number": 17
      }
    ],
    ".venv\\Lib\\site-packages\\duckdb\\experimental\\spark\\sql\\functions.py": [
      {
        "type": "Hex High Entropy String",
        "filename": ".venv\\Lib\\site-packages\\duckdb\\experimental\\spark\\sql\\functions.py",
        "hashed_secret": "22207b4bb7166e6034c2023bfda9358d2705f6a8",
        "is_verified": false,
        "line_number": 3443
      }
    ],
    ".venv\\Lib\\site-packages\\frictionless\\checks\\__spec__\\test_baseline.py": [
      {
        "type": "Hex High Entropy String",
        "filename": ".venv\\Lib\\site-packages\\frictionless\\checks\\__spec__\\test_baseline.py",
        "hashed_secret": "4bc8a5a8d7abbf1ac0db5bbf707df06cb988e574",
        "is_verified": false,
        "line_number": 38
      }
    ],
    ".venv\\Lib\\site-packages\\frictionless\\console\\commands\\__spec__\\test_validate.py": [
      {
        "type": "Hex High Entropy String",
        "filename": ".venv\\Lib\\site-packages\\frictionless\\console\\commands\\__spec__\\test_validate.py",
        "hashed_secret": "4bc8a5a8d7abbf1ac0db5bbf707df06cb988e574",
        "is_verified": false,
        "line_number": 91
      }
    ],
    ".venv\\Lib\\site-packages\\frictionless\\helpers\\general.py": [
      {
        "type": "Basic Auth Credentials",
        "filename": ".venv\\Lib\\site-packages\\frictionless\\helpers\\general.py",
        "hashed_secret": "5baa61e4c9b93f3f0682250b6cf8331b7ee68fd8",
        "is_verified": false,
        "line_number": 133
      }
    ],
    ".venv\\Lib\\site-packages\\frictionless\\package\\__spec__\\test_describe.py": [
      {
        "type": "Hex High Entropy String",
        "filename": ".venv\\Lib\\site-packages\\frictionless\\package\\__spec__\\test_describe.py",
        "hashed_secret": "b929ad73122f13a8118ed66eb5df778f3aa9883e",
        "is_verified": false,
        "line_number": 106
      },
      {
        "type": "Hex High Entropy String",
        "filename": ".venv\\Lib\\site-packages\\frictionless\\package\\__spec__\\test_describe.py",
        "hashed_secret": "0ffade8da10b1dcff0945253daf5061b16c14310",
        "is_verified": false,
        "line_number": 110
      }
    ],
    ".venv\\Lib\\site-packages\\frictionless\\portals\\ckan\\__spec__\\test_adapter.py": [
      {
        "type": "Secret Keyword",
        "filename": ".venv\\Lib\\site-packages\\frictionless\\portals\\ckan\\__spec__\\test_adapter.py",
        "hashed_secret": "5821d8510b6298393814917ac5af819579cc4bb7",
        "is_verified": false,
        "line_number": 387
      }
    ],
    ".venv\\Lib\\site-packages\\frictionless\\portals\\zenodo\\__spec__\\test_adapter.py": [
      {
        "type": "Secret Keyword",
        "filename": ".venv\\Lib\\site-packages\\frictionless\\portals\\zenodo\\__spec__\\test_adapter.py",
        "hashed_secret": "a94a8fe5ccb19ba61c4c0873d391e987982fbbd3",
        "is_verified": false,
        "line_number": 575
      }
    ],
    ".venv\\Lib\\site-packages\\frictionless\\report\\__spec__\\test_general.py": [
      {
        "type": "Hex High Entropy String",
        "filename": ".venv\\Lib\\site-packages\\frictionless\\report\\__spec__\\test_general.py",
        "hashed_secret": "4bc8a5a8d7abbf1ac0db5bbf707df06cb988e574",
        "is_verified": false,
        "line_number": 29
      },
      {
        "type": "Hex High Entropy String",
        "filename": ".venv\\Lib\\site-packages\\frictionless\\report\\__spec__\\test_general.py",
        "hashed_secret": "50e8c5f7b73324372a91b3d115bc70080bd59dc3",
        "is_verified": false,
        "line_number": 32
      }
    ],
    ".venv\\Lib\\site-packages\\frictionless\\resource\\__spec__\\test_describe.py": [
      {
        "type": "Hex High Entropy String",
        "filename": ".venv\\Lib\\site-packages\\frictionless\\resource\\__spec__\\test_describe.py",
        "hashed_secret": "4e95e086c38ec29d5dd8820dd51995ced1e70b82",
        "is_verified": false,
        "line_number": 208
      }
    ],
    ".venv\\Lib\\site-packages\\frictionless\\resource\\__spec__\\test_general.py": [
      {
        "type": "Hex High Entropy String",
        "filename": ".venv\\Lib\\site-packages\\frictionless\\resource\\__spec__\\test_general.py",
        "hashed_secret": "cc2efcd10a573e9bf2cf0a54239664182b4c69e0",
        "is_verified": false,
        "line_number": 44
      },
      {
        "type": "Hex High Entropy String",
        "filename": ".venv\\Lib\\site-packages\\frictionless\\resource\\__spec__\\test_general.py",
        "hashed_secret": "599480d7a28450f3955cdb812bfb0e1853e12897",
        "is_verified": false,
        "line_number": 47
      }
    ],
    ".venv\\Lib\\site-packages\\frictionless\\resource\\__spec__\\test_validate.py": [
      {
        "type": "Hex High Entropy String",
        "filename": ".venv\\Lib\\site-packages\\frictionless\\resource\\__spec__\\test_validate.py",
        "hashed_secret": "4bc8a5a8d7abbf1ac0db5bbf707df06cb988e574",
        "is_verified": false,
        "line_number": 691
      }
    ],
    ".venv\\Lib\\site-packages\\frictionless\\resources\\__spec__\\table\\test_general.py": [
      {
        "type": "Hex High Entropy String",
        "filename": ".venv\\Lib\\site-packages\\frictionless\\resources\\__spec__\\table\\test_general.py",
        "hashed_secret": "4bc8a5a8d7abbf1ac0db5bbf707df06cb988e574",
        "is_verified": false,
        "line_number": 132
      },
      {
        "type": "Hex High Entropy String",
        "filename": ".venv\\Lib\\site-packages\\frictionless\\resources\\__spec__\\table\\test_general.py",
        "hashed_secret": "50e8c5f7b73324372a91b3d115bc70080bd59dc3",
        "is_verified": false,
        "line_number": 135
      }
    ],
    ".venv\\Lib\\site-packages\\frictionless\\resources\\__spec__\\table\\test_stats.py": [
      {
        "type": "Hex High Entropy String",
        "filename": ".venv\\Lib\\site-packages\\frictionless\\resources\\__spec__\\table\\test_stats.py",
        "hashed_secret": "1f1de55b72e84a57cd051e05e899ee15b8aacc77",
        "is_verified": false,
        "line_number": 19
      },
      {
        "type": "Hex High Entropy String",
        "filename": ".venv\\Lib\\site-packages\\frictionless\\resources\\__spec__\\table\\test_stats.py",
        "hashed_secret": "aaf412d52c4b9bce4f43b361dff02bc2f1bc1006",
        "is_verified": false,
        "line_number": 28
      }
    ],
    ".venv\\Lib\\site-packages\\frictionless\\schemes\\aws\\loaders\\__spec__\\test_s3.py": [
      {
        "type": "Hex High Entropy String",
        "filename": ".venv\\Lib\\site-packages\\frictionless\\schemes\\aws\\loaders\\__spec__\\test_s3.py",
        "hashed_secret": "2b9e9f52bca45a473db49b356d3747a230e93b5e",
        "is_verified": false,
        "line_number": 79
      },
      {
        "type": "Hex High Entropy String",
        "filename": ".venv\\Lib\\site-packages\\frictionless\\schemes\\aws\\loaders\\__spec__\\test_s3.py",
        "hashed_secret": "47c153f79138c3d69645cfe5ec041aff0efbdf68",
        "is_verified": false,
        "line_number": 82
      }
    ],
    ".venv\\Lib\\site-packages\\frictionless\\schemes\\remote\\__spec__\\test_loader.py": [
      {
        "type": "Hex High Entropy String",
        "filename": ".venv\\Lib\\site-packages\\frictionless\\schemes\\remote\\__spec__\\test_loader.py",
        "hashed_secret": "2b9e9f52bca45a473db49b356d3747a230e93b5e",
        "is_verified": false,
        "line_number": 40
      },
      {
        "type": "Hex High Entropy String",
        "filename": ".venv\\Lib\\site-packages\\frictionless\\schemes\\remote\\__spec__\\test_loader.py",
        "hashed_secret": "47c153f79138c3d69645cfe5ec041aff0efbdf68",
        "is_verified": false,
        "line_number": 43
      }
    ],
    ".venv\\Lib\\site-packages\\hjson\\tests\\test_pass1.py": [
      {
        "type": "Base64 High Entropy String",
        "filename": ".venv\\Lib\\site-packages\\hjson\\tests\\test_pass1.py",
        "hashed_secret": "7fa11c73061eb6b2dfde7f437a00c0786bcfd202",
        "is_verified": false,
        "line_number": 29
      },
      {
        "type": "Base64 High Entropy String",
        "filename": ".venv\\Lib\\site-packages\\hjson\\tests\\test_pass1.py",
        "hashed_secret": "f44e42534b9f0a9c5dcabf3a53541777d3079eea",
        "is_verified": false,
        "line_number": 30
      }
    ],
    ".venv\\Lib\\site-packages\\markdown_it\\port.yaml": [
      {
        "type": "Hex High Entropy String",
        "filename": ".venv\\Lib\\site-packages\\markdown_it\\port.yaml",
        "hashed_secret": "67bbc9611a3b21c403551b620c4b5bd27b2c8c4e",
        "is_verified": false,
        "line_number": 3
      }
    ],
    ".venv\\Lib\\site-packages\\networkx\\algorithms\\graph_hashing.py": [
      {
        "type": "Hex High Entropy String",
        "filename": ".venv\\Lib\\site-packages\\networkx\\algorithms\\graph_hashing.py",
        "hashed_secret": "ef41f5ddaaceb993ef555c6d125fed164e3dae97",
        "is_verified": false,
        "line_number": 153
      },
      {
        "type": "Hex High Entropy String",
        "filename": ".venv\\Lib\\site-packages\\networkx\\algorithms\\graph_hashing.py",
        "hashed_secret": "f6396f3cbb92179ff5459db99fb0a2a5b25b7ec8",
        "is_verified": false,
        "line_number": 161
      },
      {
        "type": "Hex High Entropy String",
        "filename": ".venv\\Lib\\site-packages\\networkx\\algorithms\\graph_hashing.py",
        "hashed_secret": "9f39d5ebc2a66cf2202341592454350eb021122a",
        "is_verified": false,
        "line_number": 163
      },
      {
        "type": "Hex High Entropy String",
        "filename": ".venv\\Lib\\site-packages\\networkx\\algorithms\\graph_hashing.py",
        "hashed_secret": "367544d226afc96b405051045a897576ca44907b",
        "is_verified": false,
        "line_number": 347
      },
      {
        "type": "Hex High Entropy String",
        "filename": ".venv\\Lib\\site-packages\\networkx\\algorithms\\graph_hashing.py",
        "hashed_secret": "511e6c0ee62965e1643fd715adce5ee7cf09d0c1",
        "is_verified": false,
        "line_number": 347
      },
      {
        "type": "Hex High Entropy String",
        "filename": ".venv\\Lib\\site-packages\\networkx\\algorithms\\graph_hashing.py",
        "hashed_secret": "73fe27f294fb71ff6b1479a0688d562d18472747",
        "is_verified": false,
        "line_number": 347
      },
      {
        "type": "Hex High Entropy String",
        "filename": ".venv\\Lib\\site-packages\\networkx\\algorithms\\graph_hashing.py",
        "hashed_secret": "d315309c5384f7581dbd1ead5b6ff20dc5500dcc",
        "is_verified": false,
        "line_number": 347
      },
      {
        "type": "Hex High Entropy String",
        "filename": ".venv\\Lib\\site-packages\\networkx\\algorithms\\graph_hashing.py",
        "hashed_secret": "e99d4a385d2f3071bd0ed0a7930eab9b47713309",
        "is_verified": false,
        "line_number": 349
      }
    ],
    ".venv\\Lib\\site-packages\\numpy\\_core\\_string_helpers.py": [
      {
        "type": "Base64 High Entropy String",
        "filename": ".venv\\Lib\\site-packages\\numpy\\_core\\_string_helpers.py",
        "hashed_secret": "9b979763ab7bf00d075a6af7659862a7e19f9482",
        "is_verified": false,
        "line_number": 35
      },
      {
        "type": "Base64 High Entropy String",
        "filename": ".venv\\Lib\\site-packages\\numpy\\_core\\_string_helpers.py",
        "hashed_secret": "5a84846dedc4aacef08cc9fa401a9e640823ab28",
        "is_verified": false,
        "line_number": 36
      },
      {
        "type": "Base64 High Entropy String",
        "filename": ".venv\\Lib\\site-packages\\numpy\\_core\\_string_helpers.py",
        "hashed_secret": "2932d696a6390d171de9e11771cb632c92d76401",
        "is_verified": false,
        "line_number": 64
      }
    ],
    ".venv\\Lib\\site-packages\\numpy\\_core\\tests\\test_defchararray.py": [
      {
        "type": "Hex High Entropy String",
        "filename": ".venv\\Lib\\site-packages\\numpy\\_core\\tests\\test_defchararray.py",
        "hashed_secret": "70a11e96fe8142a81eae2f14a6db093b48f8da8e",
        "is_verified": false,
        "line_number": 505
      }
    ],
    ".venv\\Lib\\site-packages\\numpy\\f2py\\tests\\test_docs.py": [
      {
        "type": "Hex High Entropy String",
        "filename": ".venv\\Lib\\site-packages\\numpy\\f2py\\tests\\test_docs.py",
        "hashed_secret": "f001e4a5e5e31ea3e2ffaecddf7780cdf4bf482e",
        "is_verified": false,
        "line_number": 43
      },
      {
        "type": "Hex High Entropy String",
        "filename": ".venv\\Lib\\site-packages\\numpy\\f2py\\tests\\test_docs.py",
        "hashed_secret": "deaadc03d735ea04c9e428b9d98459825a563161",
        "is_verified": false,
        "line_number": 49
      }
    ],
    ".venv\\Lib\\site-packages\\numpy\\random\\tests\\test_generator_mt19937.py": [
      {
        "type": "Hex High Entropy String",
        "filename": ".venv\\Lib\\site-packages\\numpy\\random\\tests\\test_generator_mt19937.py",
        "hashed_secret": "6a680d731539a137b00b71d6033907fd07cf2cd8",
        "is_verified": false,
        "line_number": 29
      },
      {
        "type": "Hex High Entropy String",
        "filename": ".venv\\Lib\\site-packages\\numpy\\random\\tests\\test_generator_mt19937.py",
        "hashed_secret": "0f2303affd655e5041f363af354c885f9c92f044",
        "is_verified": false,
        "line_number": 30
      },
      {
        "type": "Hex High Entropy String",
        "filename": ".venv\\Lib\\site-packages\\numpy\\random\\tests\\test_generator_mt19937.py",
        "hashed_secret": "9a50c40e9daf2821ecebb0f8b0ded29dd9e7deb7",
        "is_verified": false,
        "line_number": 35
      },
      {
        "type": "Hex High Entropy String",
        "filename": ".venv\\Lib\\site-packages\\numpy\\random\\tests\\test_generator_mt19937.py",
        "hashed_secret": "1253f86f15634a5ff9cf49899619a698db0bf719",
        "is_verified": false,
        "line_number": 36
      },
      {
        "type": "Hex High Entropy String",
        "filename": ".venv\\Lib\\site-packages\\numpy\\random\\tests\\test_generator_mt19937.py",
        "hashed_secret": "cf5dadc730597237bebcbfde216b32db911303c9",
        "is_verified": false,
        "line_number": 41
      },
      {
        "type": "Hex High Entropy String",
        "filename": ".venv\\Lib\\site-packages\\numpy\\random\\tests\\test_generator_mt19937.py",
        "hashed_secret": "6ad82d6ae3712db4c8a92a904e65d4abb5109e3d",
        "is_verified": false,
        "line_number": 42
      },
      {
        "type": "Hex High Entropy String",
        "filename": ".venv\\Lib\\site-packages\\numpy\\random\\tests\\test_generator_mt19937.py",
        "hashed_secret": "20972d23e879312313cdc923a77ad18a568265b1",
        "is_verified": false,
        "line_number": 523
      },
      {
        "type": "Hex High Entropy String",
        "filename": ".venv\\Lib\\site-packages\\numpy\\random\\tests\\test_generator_mt19937.py",
        "hashed_secret": "2941cea2b78fbfa331050b38e52c6509669392c9",
        "is_verified": false,
        "line_number": 524
      },
      {
        "type": "Hex High Entropy String",
        "filename": ".venv\\Lib\\site-packages\\numpy\\random\\tests\\test_generator_mt19937.py",
        "hashed_secret": "ce7013aecd30388140c8ccc075a348aa3717119b",
        "is_verified": false,
        "line_number": 525
      },
      {
        "type": "Hex High Entropy String",
        "filename": ".venv\\Lib\\site-packages\\numpy\\random\\tests\\test_generator_mt19937.py",
        "hashed_secret": "eb49852c5466fafe8912dd6d6e9a67dc19ba74d1",
        "is_verified": false,
        "line_number": 526
      },
      {
        "type": "Hex High Entropy String",
        "filename": ".venv\\Lib\\site-packages\\numpy\\random\\tests\\test_generator_mt19937.py",
        "hashed_secret": "6fa4821286076da76bc37a8620b73e53a6631d4d",
        "is_verified": false,
        "line_number": 527
      },
      {
        "type": "Hex High Entropy String",
        "filename": ".venv\\Lib\\site-packages\\numpy\\random\\tests\\test_generator_mt19937.py",
        "hashed_secret": "57a1f37bbdd5973da34661d92c3611dd9e707747",
        "is_verified": false,
        "line_number": 952
      }
    ],
    ".venv\\Lib\\site-packages\\numpy\\random\\tests\\test_random.py": [
      {
        "type": "Hex High Entropy String",
        "filename": ".venv\\Lib\\site-packages\\numpy\\random\\tests\\test_random.py",
        "hashed_secret": "c34ae8e3b3b3cec4fafedd684138a2a3ed003147",
        "is_verified": false,
        "line_number": 236
      },
      {
        "type": "Hex High Entropy String",
        "filename": ".venv\\Lib\\site-packages\\numpy\\random\\tests\\test_random.py",
        "hashed_secret": "7876bc696e945e229cc7d7aeec1e289ee6e19597",
        "is_verified": false,
        "line_number": 237
      },
      {
        "type": "Hex High Entropy String",
        "filename": ".venv\\Lib\\site-packages\\numpy\\random\\tests\\test_random.py",
        "hashed_secret": "6a2510e0375ad9422810149f5290eeb8a7b5ed29",
        "is_verified": false,
        "line_number": 238
      },
      {
        "type": "Hex High Entropy String",
        "filename": ".venv\\Lib\\site-packages\\numpy\\random\\tests\\test_random.py",
        "hashed_secret": "49ff9d1d949e6ba9fd6888ed8938b50ce176d263",
        "is_verified": false,
        "line_number": 239
      },
      {
        "type": "Hex High Entropy String",
        "filename": ".venv\\Lib\\site-packages\\numpy\\random\\tests\\test_random.py",
        "hashed_secret": "bf1ad3197b63868084530315c4aaca508019e938",
        "is_verified": false,
        "line_number": 240
      }
    ],
    ".venv\\Lib\\site-packages\\numpy\\random\\tests\\test_randomstate.py": [
      {
        "type": "Hex High Entropy String",
        "filename": ".venv\\Lib\\site-packages\\numpy\\random\\tests\\test_randomstate.py",
        "hashed_secret": "c1caceb5a488bbf44406ee48aa7595676a5f8c96",
        "is_verified": false,
        "line_number": 33
      },
      {
        "type": "Hex High Entropy String",
        "filename": ".venv\\Lib\\site-packages\\numpy\\random\\tests\\test_randomstate.py",
        "hashed_secret": "49b37171c3c40b85a24ca7abc0384333ab4fd945",
        "is_verified": false,
        "line_number": 34
      },
      {
        "type": "Hex High Entropy String",
        "filename": ".venv\\Lib\\site-packages\\numpy\\random\\tests\\test_randomstate.py",
        "hashed_secret": "81834ffdcb34ad16e3721447668784af19f6b879",
        "is_verified": false,
        "line_number": 35
      },
      {
        "type": "Hex High Entropy String",
        "filename": ".venv\\Lib\\site-packages\\numpy\\random\\tests\\test_randomstate.py",
        "hashed_secret": "446f27b64f76fb9940dad53a1f01e73a6d67561a",
        "is_verified": false,
        "line_number": 36
      },
      {
        "type": "Hex High Entropy String",
        "filename": ".venv\\Lib\\site-packages\\numpy\\random\\tests\\test_randomstate.py",
        "hashed_secret": "39e897539283987c7a273bd966dae2b7ad293b82",
        "is_verified": false,
        "line_number": 37
      },
      {
        "type": "Hex High Entropy String",
        "filename": ".venv\\Lib\\site-packages\\numpy\\random\\tests\\test_randomstate.py",
        "hashed_secret": "52413579978a99b7b5f08177189e739f3bce5bbe",
        "is_verified": false,
        "line_number": 38
      },
      {
        "type": "Hex High Entropy String",
        "filename": ".venv\\Lib\\site-packages\\numpy\\random\\tests\\test_randomstate.py",
        "hashed_secret": "9ae0d46162c54f618755b6a72e365c2d726bd156",
        "is_verified": false,
        "line_number": 39
      },
      {
        "type": "Hex High Entropy String",
        "filename": ".venv\\Lib\\site-packages\\numpy\\random\\tests\\test_randomstate.py",
        "hashed_secret": "57113841908ed50f3c986491584e811f18f56bad",
        "is_verified": false,
        "line_number": 40
      },
      {
        "type": "Hex High Entropy String",
        "filename": ".venv\\Lib\\site-packages\\numpy\\random\\tests\\test_randomstate.py",
        "hashed_secret": "6739bb662f695683bbccbba5f53867d3d79ca346",
        "is_verified": false,
        "line_number": 43
      },
      {
        "type": "Hex High Entropy String",
        "filename": ".venv\\Lib\\site-packages\\numpy\\random\\tests\\test_randomstate.py",
        "hashed_secret": "f589f0448ee4815ce2ed8d990aac9501ce33d70d",
        "is_verified": false,
        "line_number": 44
      },
      {
        "type": "Hex High Entropy String",
        "filename": ".venv\\Lib\\site-packages\\numpy\\random\\tests\\test_randomstate.py",
        "hashed_secret": "c622ea6ab866b4ae909868e5d5ec743a05cb54df",
        "is_verified": false,
        "line_number": 45
      },
      {
        "type": "Hex High Entropy String",
        "filename": ".venv\\Lib\\site-packages\\numpy\\random\\tests\\test_randomstate.py",
        "hashed_secret": "49e4a11a2b1d16f48866988743aefd59b13712c6",
        "is_verified": false,
        "line_number": 46
      },
      {
        "type": "Hex High Entropy String",
        "filename": ".venv\\Lib\\site-packages\\numpy\\random\\tests\\test_randomstate.py",
        "hashed_secret": "b1fa23e74c90e8f2c7d687a1a2e931ec203f8172",
        "is_verified": false,
        "line_number": 47
      },
      {
        "type": "Hex High Entropy String",
        "filename": ".venv\\Lib\\site-packages\\numpy\\random\\tests\\test_randomstate.py",
        "hashed_secret": "16c99bceeca68f3f71e0dc6fdf82b287e98b96f3",
        "is_verified": false,
        "line_number": 48
      },
      {
        "type": "Hex High Entropy String",
        "filename": ".venv\\Lib\\site-packages\\numpy\\random\\tests\\test_randomstate.py",
        "hashed_secret": "15a43b6c0406b117212943bf6d2f4379cdd4c8d2",
        "is_verified": false,
        "line_number": 49
      },
      {
        "type": "Hex High Entropy String",
        "filename": ".venv\\Lib\\site-packages\\numpy\\random\\tests\\test_randomstate.py",
        "hashed_secret": "4a5f3f2b9de0cd873ed1a016d0fd821745dfc12d",
        "is_verified": false,
        "line_number": 50
      },
      {
        "type": "Hex High Entropy String",
        "filename": ".venv\\Lib\\site-packages\\numpy\\random\\tests\\test_randomstate.py",
        "hashed_secret": "c34ae8e3b3b3cec4fafedd684138a2a3ed003147",
        "is_verified": false,
        "line_number": 358
      },
      {
        "type": "Hex High Entropy String",
        "filename": ".venv\\Lib\\site-packages\\numpy\\random\\tests\\test_randomstate.py",
        "hashed_secret": "7876bc696e945e229cc7d7aeec1e289ee6e19597",
        "is_verified": false,
        "line_number": 359
      },
      {
        "type": "Hex High Entropy String",
        "filename": ".venv\\Lib\\site-packages\\numpy\\random\\tests\\test_randomstate.py",
        "hashed_secret": "6a2510e0375ad9422810149f5290eeb8a7b5ed29",
        "is_verified": false,
        "line_number": 360
      },
      {
        "type": "Hex High Entropy String",
        "filename": ".venv\\Lib\\site-packages\\numpy\\random\\tests\\test_randomstate.py",
        "hashed_secret": "49ff9d1d949e6ba9fd6888ed8938b50ce176d263",
        "is_verified": false,
        "line_number": 361
      },
      {
        "type": "Hex High Entropy String",
        "filename": ".venv\\Lib\\site-packages\\numpy\\random\\tests\\test_randomstate.py",
        "hashed_secret": "bf1ad3197b63868084530315c4aaca508019e938",
        "is_verified": false,
        "line_number": 362
      }
    ],
    ".venv\\Lib\\site-packages\\numpy\\version.py": [
      {
        "type": "Hex High Entropy String",
        "filename": ".venv\\Lib\\site-packages\\numpy\\version.py",
        "hashed_secret": "c30147d36f80b8a38938b27aca977c6d1d393e13",
        "is_verified": false,
        "line_number": 9
      }
    ],
    ".venv\\Lib\\site-packages\\pandas\\_version.py": [
      {
        "type": "Hex High Entropy String",
        "filename": ".venv\\Lib\\site-packages\\pandas\\_version.py",
        "hashed_secret": "d7cba5f396dffa31de20f462aab3a76efea0f993",
        "is_verified": false,
        "line_number": 29
      }
    ],
    ".venv\\Lib\\site-packages\\pandas\\_version_meson.py": [
      {
        "type": "Hex High Entropy String",
        "filename": ".venv\\Lib\\site-packages\\pandas\\_version_meson.py",
        "hashed_secret": "d7cba5f396dffa31de20f462aab3a76efea0f993",
        "is_verified": false,
        "line_number": 2
      }
    ],
    ".venv\\Lib\\site-packages\\pandas\\tests\\io\\formats\\style\\test_html.py": [
      {
        "type": "Basic Auth Credentials",
        "filename": ".venv\\Lib\\site-packages\\pandas\\tests\\io\\formats\\style\\test_html.py",
        "hashed_secret": "9d4e1e23bd5b727046a9e3b4b7db57bd8d6ee684",
        "is_verified": false,
        "line_number": 791
      }
    ],
    ".venv\\Lib\\site-packages\\pandas\\tests\\io\\pytables\\test_put.py": [
      {
        "type": "Base64 High Entropy String",
        "filename": ".venv\\Lib\\site-packages\\pandas\\tests\\io\\pytables\\test_put.py",
        "hashed_secret": "dea3c171abcdfb3e8380d6860630f618eb6e074f",
        "is_verified": false,
        "line_number": 148
      }
    ],
    ".venv\\Lib\\site-packages\\pandas\\tests\\io\\test_sql.py": [
      {
        "type": "Basic Auth Credentials",
        "filename": ".venv\\Lib\\site-packages\\pandas\\tests\\io\\test_sql.py",
        "hashed_secret": "afc848c316af1a89d49826c5ae9d00ed769415f3",
        "is_verified": false,
        "line_number": 656
      },
      {
        "type": "Basic Auth Credentials",
        "filename": ".venv\\Lib\\site-packages\\pandas\\tests\\io\\test_sql.py",
        "hashed_secret": "9d4e1e23bd5b727046a9e3b4b7db57bd8d6ee684",
        "is_verified": false,
        "line_number": 2547
      }
    ],
    ".venv\\Lib\\site-packages\\pandas\\tests\\util\\test_hashing.py": [
      {
        "type": "Base64 High Entropy String",
        "filename": ".venv\\Lib\\site-packages\\pandas\\tests\\util\\test_hashing.py",
        "hashed_secret": "af038539f391ca04b902a6da9d08a8ba3c5bd5a8",
        "is_verified": false,
        "line_number": 358
      },
      {
        "type": "Base64 High Entropy String",
        "filename": ".venv\\Lib\\site-packages\\pandas\\tests\\util\\test_hashing.py",
        "hashed_secret": "07fe56ea63762480e2c05572d6aac5b7a07e4f97",
        "is_verified": false,
        "line_number": 359
      }
    ],
    ".venv\\Lib\\site-packages\\petl\\io\\remotes.py": [
      {
        "type": "Basic Auth Credentials",
        "filename": ".venv\\Lib\\site-packages\\petl\\io\\remotes.py",
        "hashed_secret": "5baa61e4c9b93f3f0682250b6cf8331b7ee68fd8",
        "is_verified": false,
        "line_number": 151
      }
    ],
    ".venv\\Lib\\site-packages\\petl\\test\\io\\test_db_create.py": [
      {
        "type": "Basic Auth Credentials",
        "filename": ".venv\\Lib\\site-packages\\petl\\test\\io\\test_db_create.py",
        "hashed_secret": "347cd9c53ff77d41a7b22aa56c7b4efaf54658e3",
        "is_verified": false,
        "line_number": 169
      }
    ],
    ".venv\\Lib\\site-packages\\petl\\test\\io\\test_remotes.py": [
      {
        "type": "Basic Auth Credentials",
        "filename": ".venv\\Lib\\site-packages\\petl\\test\\io\\test_remotes.py",
        "hashed_secret": "91dfd9ddb4198affc5c194cd8ce6d338fde470e2",
        "is_verified": false,
        "line_number": 82
      }
    ],
    ".venv\\Lib\\site-packages\\pip\\_vendor\\urllib3\\util\\url.py": [
      {
        "type": "Basic Auth Credentials",
        "filename": ".venv\\Lib\\site-packages\\pip\\_vendor\\urllib3\\util\\url.py",
        "hashed_secret": "5baa61e4c9b93f3f0682250b6cf8331b7ee68fd8",
        "is_verified": false,
        "line_number": 148
      }
    ],
    ".venv\\Lib\\site-packages\\pre_commit\\commands\\install_uninstall.py": [
      {
        "type": "Hex High Entropy String",
        "filename": ".venv\\Lib\\site-packages\\pre_commit\\commands\\install_uninstall.py",
        "hashed_secret": "9b9dd75e14b3d5daf49efe7ad4b33158e83f3118",
        "is_verified": false,
        "line_number": 24
      },
      {
        "type": "Hex High Entropy String",
        "filename": ".venv\\Lib\\site-packages\\pre_commit\\commands\\install_uninstall.py",
        "hashed_secret": "3f8c0253b8b8f48e4163987a57887d65bf47acef",
        "is_verified": false,
        "line_number": 25
      },
      {
        "type": "Hex High Entropy String",
        "filename": ".venv\\Lib\\site-packages\\pre_commit\\commands\\install_uninstall.py",
        "hashed_secret": "5760247c1ef6a849a9844d08c09cb84dda49969a",
        "is_verified": false,
        "line_number": 26
      },
      {
        "type": "Hex High Entropy String",
        "filename": ".venv\\Lib\\site-packages\\pre_commit\\commands\\install_uninstall.py",
        "hashed_secret": "dee152431eea26b9d52e4cfd363ff2d78b8c4ebd",
        "is_verified": false,
        "line_number": 27
      },
      {
        "type": "Hex High Entropy String",
        "filename": ".venv\\Lib\\site-packages\\pre_commit\\commands\\install_uninstall.py",
        "hashed_secret": "24594121c136246cf8c2de7ee1ee39f71e2d41d4",
        "is_verified": false,
        "line_number": 28
      },
      {
        "type": "Hex High Entropy String",
        "filename": ".venv\\Lib\\site-packages\\pre_commit\\commands\\install_uninstall.py",
        "hashed_secret": "3b83f939b10fedeb7d0956a22f8696be8315df51",
        "is_verified": false,
        "line_number": 30
      }
    ],
    ".venv\\Lib\\site-packages\\pyarrow\\_azurefs.pyx": [
      {
        "type": "Base64 High Entropy String",
        "filename": ".venv\\Lib\\site-packages\\pyarrow\\_azurefs.pyx",
        "hashed_secret": "726684b05966cd486e3461450ac94907c0b6709a",
        "is_verified": false,
        "line_number": 93
      },
      {
        "type": "Secret Keyword",
        "filename": ".venv\\Lib\\site-packages\\pyarrow\\_azurefs.pyx",
        "hashed_secret": "726684b05966cd486e3461450ac94907c0b6709a",
        "is_verified": false,
        "line_number": 93
      }
    ],
    ".venv\\Lib\\site-packages\\pyarrow\\_s3fs.pyx": [
      {
        "type": "Basic Auth Credentials",
        "filename": ".venv\\Lib\\site-packages\\pyarrow\\_s3fs.pyx",
        "hashed_secret": "5baa61e4c9b93f3f0682250b6cf8331b7ee68fd8",
        "is_verified": false,
        "line_number": 233
      },
      {
        "type": "Secret Keyword",
        "filename": ".venv\\Lib\\site-packages\\pyarrow\\_s3fs.pyx",
        "hashed_secret": "5baa61e4c9b93f3f0682250b6cf8331b7ee68fd8",
        "is_verified": false,
        "line_number": 236
      }
    ],
    ".venv\\Lib\\site-packages\\pyarrow\\include\\arrow\\filesystem\\s3fs.h": [
      {
        "type": "Basic Auth Credentials",
        "filename": ".venv\\Lib\\site-packages\\pyarrow\\include\\arrow\\filesystem\\s3fs.h",
        "hashed_secret": "5baa61e4c9b93f3f0682250b6cf8331b7ee68fd8",
        "is_verified": false,
        "line_number": 47
      }
    ],
    ".venv\\Lib\\site-packages\\pyarrow\\tests\\conftest.py": [
      {
        "type": "Secret Keyword",
        "filename": ".venv\\Lib\\site-packages\\pyarrow\\tests\\conftest.py",
        "hashed_secret": "39a531d92bbe1cfd6268cd99d999880c84640b1d",
        "is_verified": false,
        "line_number": 170
      },
      {
        "type": "Base64 High Entropy String",
        "filename": ".venv\\Lib\\site-packages\\pyarrow\\tests\\conftest.py",
        "hashed_secret": "5873c2a71e92f6ce58468a10f747d28bd34870a6",
        "is_verified": false,
        "line_number": 297
      },
      {
        "type": "Base64 High Entropy String",
        "filename": ".venv\\Lib\\site-packages\\pyarrow\\tests\\conftest.py",
        "hashed_secret": "b21b2ec1bf997222c650e46d9d6a85514f3f91b7",
        "is_verified": false,
        "line_number": 298
      }
    ],
    ".venv\\Lib\\site-packages\\pyarrow\\tests\\test_dataset.py": [
      {
        "type": "Secret Keyword",
        "filename": ".venv\\Lib\\site-packages\\pyarrow\\tests\\test_dataset.py",
        "hashed_secret": "d3ba3cd94a4982347ff6148f2522fe7740a3d72d",
        "is_verified": false,
        "line_number": 5157
      }
    ],
    ".venv\\Lib\\site-packages\\pyarrow\\tests\\test_fs.py": [
      {
        "type": "Secret Keyword",
        "filename": ".venv\\Lib\\site-packages\\pyarrow\\tests\\test_fs.py",
        "hashed_secret": "d3ba3cd94a4982347ff6148f2522fe7740a3d72d",
        "is_verified": false,
        "line_number": 535
      },
      {
        "type": "Secret Keyword",
        "filename": ".venv\\Lib\\site-packages\\pyarrow\\tests\\test_fs.py",
        "hashed_secret": "e5e9fa1ba31ecd1ae84f75caaa474f3a663f05f4",
        "is_verified": false,
        "line_number": 1216
      },
      {
        "type": "Secret Keyword",
        "filename": ".venv\\Lib\\site-packages\\pyarrow\\tests\\test_fs.py",
        "hashed_secret": "047529914fea6ba21a858a5d8f66b0529e9db74b",
        "is_verified": false,
        "line_number": 1488
      },
      {
        "type": "Secret Keyword",
        "filename": ".venv\\Lib\\site-packages\\pyarrow\\tests\\test_fs.py",
        "hashed_secret": "0eacab9f7f4640fefa3e6f1acdb56ddf685839de",
        "is_verified": false,
        "line_number": 1493
      },
      {
        "type": "Secret Keyword",
        "filename": ".venv\\Lib\\site-packages\\pyarrow\\tests\\test_fs.py",
        "hashed_secret": "0ec8f36a4652a37c6709f09352872dbe6f16c472",
        "is_verified": false,
        "line_number": 1512
      }
    ],
    ".venv\\Lib\\site-packages\\pydantic\\types.py": [
      {
        "type": "Secret Keyword",
        "filename": ".venv\\Lib\\site-packages\\pydantic\\types.py",
        "hashed_secret": "45e1bd4d6c75a154fdfdc0a951ddfc12983885b3",
        "is_verified": false,
        "line_number": 1854
      },
      {
        "type": "Base64 High Entropy String",
        "filename": ".venv\\Lib\\site-packages\\pydantic\\types.py",
        "hashed_secret": "befba895abf49e14d21c1aee434c561647996707",
        "is_verified": false,
        "line_number": 2780
      }
    ],
    ".venv\\Lib\\site-packages\\pygments\\lexers\\_cocoa_builtins.py": [
      {
        "type": "Base64 High Entropy String",
        "filename": ".venv\\Lib\\site-packages\\pygments\\lexers\\_cocoa_builtins.py",
        "hashed_secret": "d42bda5de6790d8696ff1e43db8babaaecfbdb5a",
        "is_verified": false,
        "line_number": 14
      }
    ],
    ".venv\\Lib\\site-packages\\pyright\\dist\\dist\\typeshed-fallback\\stubs\\nanoid\\nanoid\\generate.pyi": [
      {
        "type": "Base64 High Entropy String",
        "filename": ".venv\\Lib\\site-packages\\pyright\\dist\\dist\\typeshed-fallback\\stubs\\nanoid\\nanoid\\generate.pyi",
        "hashed_secret": "0b9d3b055a096101b8ede6259c85c3895f57f960",
        "is_verified": false,
        "line_number": 2
      }
    ],
    ".venv\\Lib\\site-packages\\pyright\\dist\\dist\\typeshed-fallback\\stubs\\nanoid\\nanoid\\non_secure_generate.pyi": [
      {
        "type": "Base64 High Entropy String",
        "filename": ".venv\\Lib\\site-packages\\pyright\\dist\\dist\\typeshed-fallback\\stubs\\nanoid\\nanoid\\non_secure_generate.pyi",
        "hashed_secret": "0b9d3b055a096101b8ede6259c85c3895f57f960",
        "is_verified": false,
        "line_number": 2
      }
    ],
    ".venv\\Lib\\site-packages\\rfc3986\\builder.py": [
      {
        "type": "Basic Auth Credentials",
        "filename": ".venv\\Lib\\site-packages\\rfc3986\\builder.py",
        "hashed_secret": "ba54a9bbcbc734addaf3151195e87b1f15969189",
        "is_verified": false,
        "line_number": 367
      }
    ],
    ".venv\\Lib\\site-packages\\sqlalchemy\\dialects\\mssql\\aioodbc.py": [
      {
        "type": "Basic Auth Credentials",
        "filename": ".venv\\Lib\\site-packages\\sqlalchemy\\dialects\\mssql\\aioodbc.py",
        "hashed_secret": "46e3d772a1888eadff26c7ada47fd7502d796e07",
        "is_verified": false,
        "line_number": 37
      }
    ],
    ".venv\\Lib\\site-packages\\sqlalchemy\\dialects\\mssql\\base.py": [
      {
        "type": "Basic Auth Credentials",
        "filename": ".venv\\Lib\\site-packages\\sqlalchemy\\dialects\\mssql\\base.py",
        "hashed_secret": "46e3d772a1888eadff26c7ada47fd7502d796e07",
        "is_verified": false,
        "line_number": 499
      },
      {
        "type": "Basic Auth Credentials",
        "filename": ".venv\\Lib\\site-packages\\sqlalchemy\\dialects\\mssql\\base.py",
        "hashed_secret": "2fb92e1bc32060aea1b9d895954e8c7fc9ec508c",
        "is_verified": false,
        "line_number": 554
      },
      {
        "type": "Basic Auth Credentials",
        "filename": ".venv\\Lib\\site-packages\\sqlalchemy\\dialects\\mssql\\base.py",
        "hashed_secret": "9d4e1e23bd5b727046a9e3b4b7db57bd8d6ee684",
        "is_verified": false,
        "line_number": 650
      }
    ],
    ".venv\\Lib\\site-packages\\sqlalchemy\\dialects\\mssql\\pyodbc.py": [
      {
        "type": "Basic Auth Credentials",
        "filename": ".venv\\Lib\\site-packages\\sqlalchemy\\dialects\\mssql\\pyodbc.py",
        "hashed_secret": "46e3d772a1888eadff26c7ada47fd7502d796e07",
        "is_verified": false,
        "line_number": 55
      },
      {
        "type": "Secret Keyword",
        "filename": ".venv\\Lib\\site-packages\\sqlalchemy\\dialects\\mssql\\pyodbc.py",
        "hashed_secret": "46e3d772a1888eadff26c7ada47fd7502d796e07",
        "is_verified": false,
        "line_number": 80
      }
    ],
    ".venv\\Lib\\site-packages\\sqlalchemy\\dialects\\mysql\\aiomysql.py": [
      {
        "type": "Basic Auth Credentials",
        "filename": ".venv\\Lib\\site-packages\\sqlalchemy\\dialects\\mysql\\aiomysql.py",
        "hashed_secret": "5baa61e4c9b93f3f0682250b6cf8331b7ee68fd8",
        "is_verified": false,
        "line_number": 12
      },
      {
        "type": "Basic Auth Credentials",
        "filename": ".venv\\Lib\\site-packages\\sqlalchemy\\dialects\\mysql\\aiomysql.py",
        "hashed_secret": "9d4e1e23bd5b727046a9e3b4b7db57bd8d6ee684",
        "is_verified": false,
        "line_number": 27
      }
    ],
    ".venv\\Lib\\site-packages\\sqlalchemy\\dialects\\mysql\\asyncmy.py": [
      {
        "type": "Basic Auth Credentials",
        "filename": ".venv\\Lib\\site-packages\\sqlalchemy\\dialects\\mysql\\asyncmy.py",
        "hashed_secret": "5baa61e4c9b93f3f0682250b6cf8331b7ee68fd8",
        "is_verified": false,
        "line_number": 12
      },
      {
        "type": "Basic Auth Credentials",
        "filename": ".venv\\Lib\\site-packages\\sqlalchemy\\dialects\\mysql\\asyncmy.py",
        "hashed_secret": "9d4e1e23bd5b727046a9e3b4b7db57bd8d6ee684",
        "is_verified": false,
        "line_number": 25
      }
    ],
    ".venv\\Lib\\site-packages\\sqlalchemy\\dialects\\mysql\\base.py": [
      {
        "type": "Basic Auth Credentials",
        "filename": ".venv\\Lib\\site-packages\\sqlalchemy\\dialects\\mysql\\base.py",
        "hashed_secret": "9d4e1e23bd5b727046a9e3b4b7db57bd8d6ee684",
        "is_verified": false,
        "line_number": 37
      },
      {
        "type": "Basic Auth Credentials",
        "filename": ".venv\\Lib\\site-packages\\sqlalchemy\\dialects\\mysql\\base.py",
        "hashed_secret": "46e3d772a1888eadff26c7ada47fd7502d796e07",
        "is_verified": false,
        "line_number": 245
      }
    ],
    ".venv\\Lib\\site-packages\\sqlalchemy\\dialects\\mysql\\mysqldb.py": [
      {
        "type": "Basic Auth Credentials",
        "filename": ".venv\\Lib\\site-packages\\sqlalchemy\\dialects\\mysql\\mysqldb.py",
        "hashed_secret": "46e3d772a1888eadff26c7ada47fd7502d796e07",
        "is_verified": false,
        "line_number": 44
      },
      {
        "type": "Secret Keyword",
        "filename": ".venv\\Lib\\site-packages\\sqlalchemy\\dialects\\mysql\\mysqldb.py",
        "hashed_secret": "30274c47903bd1bac7633bbf09743149ebab805f",
        "is_verified": false,
        "line_number": 205
      }
    ],
    ".venv\\Lib\\site-packages\\sqlalchemy\\dialects\\mysql\\pymysql.py": [
      {
        "type": "Basic Auth Credentials",
        "filename": ".venv\\Lib\\site-packages\\sqlalchemy\\dialects\\mysql\\pymysql.py",
        "hashed_secret": "46e3d772a1888eadff26c7ada47fd7502d796e07",
        "is_verified": false,
        "line_number": 35
      }
    ],
    ".venv\\Lib\\site-packages\\sqlalchemy\\dialects\\oracle\\base.py": [
      {
        "type": "Basic Auth Credentials",
        "filename": ".venv\\Lib\\site-packages\\sqlalchemy\\dialects\\oracle\\base.py",
        "hashed_secret": "46e3d772a1888eadff26c7ada47fd7502d796e07",
        "is_verified": false,
        "line_number": 310
      }
    ],
    ".venv\\Lib\\site-packages\\sqlalchemy\\dialects\\oracle\\oracledb.py": [
      {
        "type": "Basic Auth Credentials",
        "filename": ".venv\\Lib\\site-packages\\sqlalchemy\\dialects\\oracle\\oracledb.py",
        "hashed_secret": "46e3d772a1888eadff26c7ada47fd7502d796e07",
        "is_verified": false,
        "line_number": 36
      },
      {
        "type": "Secret Keyword",
        "filename": ".venv\\Lib\\site-packages\\sqlalchemy\\dialects\\oracle\\oracledb.py",
        "hashed_secret": "46e3d772a1888eadff26c7ada47fd7502d796e07",
        "is_verified": false,
        "line_number": 123
      },
      {
        "type": "Secret Keyword",
        "filename": ".venv\\Lib\\site-packages\\sqlalchemy\\dialects\\oracle\\oracledb.py",
        "hashed_secret": "560f717e09249e269e82de5210b4ffbd9fa65047",
        "is_verified": false,
        "line_number": 231
      }
    ],
    ".venv\\Lib\\site-packages\\sqlalchemy\\dialects\\oracle\\provision.py": [
      {
        "type": "Secret Keyword",
        "filename": ".venv\\Lib\\site-packages\\sqlalchemy\\dialects\\oracle\\provision.py",
        "hashed_secret": "e1ba9234200cf4d3bb019c43fb270bbcf704a1c7",
        "is_verified": false,
        "line_number": 270
      }
    ],
    ".venv\\Lib\\site-packages\\sqlalchemy\\dialects\\postgresql\\asyncpg.py": [
      {
        "type": "Basic Auth Credentials",
        "filename": ".venv\\Lib\\site-packages\\sqlalchemy\\dialects\\postgresql\\asyncpg.py",
        "hashed_secret": "5baa61e4c9b93f3f0682250b6cf8331b7ee68fd8",
        "is_verified": false,
        "line_number": 13
      },
      {
        "type": "Basic Auth Credentials",
        "filename": ".venv\\Lib\\site-packages\\sqlalchemy\\dialects\\postgresql\\asyncpg.py",
        "hashed_secret": "9d4e1e23bd5b727046a9e3b4b7db57bd8d6ee684",
        "is_verified": false,
        "line_number": 28
      }
    ],
    ".venv\\Lib\\site-packages\\sqlalchemy\\dialects\\postgresql\\base.py": [
      {
        "type": "Basic Auth Credentials",
        "filename": ".venv\\Lib\\site-packages\\sqlalchemy\\dialects\\postgresql\\base.py",
        "hashed_secret": "46e3d772a1888eadff26c7ada47fd7502d796e07",
        "is_verified": false,
        "line_number": 170
      }
    ],
    ".venv\\Lib\\site-packages\\sqlalchemy\\dialects\\postgresql\\json.py": [
      {
        "type": "Basic Auth Credentials",
        "filename": ".venv\\Lib\\site-packages\\sqlalchemy\\dialects\\postgresql\\json.py",
        "hashed_secret": "46e3d772a1888eadff26c7ada47fd7502d796e07",
        "is_verified": false,
        "line_number": 153
      }
    ],
    ".venv\\Lib\\site-packages\\sqlalchemy\\dialects\\postgresql\\pg8000.py": [
      {
        "type": "Basic Auth Credentials",
        "filename": ".venv\\Lib\\site-packages\\sqlalchemy\\dialects\\postgresql\\pg8000.py",
        "hashed_secret": "5baa61e4c9b93f3f0682250b6cf8331b7ee68fd8",
        "is_verified": false,
        "line_number": 13
      },
      {
        "type": "Basic Auth Credentials",
        "filename": ".venv\\Lib\\site-packages\\sqlalchemy\\dialects\\postgresql\\pg8000.py",
        "hashed_secret": "9d4e1e23bd5b727046a9e3b4b7db57bd8d6ee684",
        "is_verified": false,
        "line_number": 43
      },
      {
        "type": "Basic Auth Credentials",
        "filename": ".venv\\Lib\\site-packages\\sqlalchemy\\dialects\\postgresql\\pg8000.py",
        "hashed_secret": "46e3d772a1888eadff26c7ada47fd7502d796e07",
        "is_verified": false,
        "line_number": 58
      }
    ],
    ".venv\\Lib\\site-packages\\sqlalchemy\\dialects\\postgresql\\psycopg.py": [
      {
        "type": "Basic Auth Credentials",
        "filename": ".venv\\Lib\\site-packages\\sqlalchemy\\dialects\\postgresql\\psycopg.py",
        "hashed_secret": "5baa61e4c9b93f3f0682250b6cf8331b7ee68fd8",
        "is_verified": false,
        "line_number": 13
      },
      {
        "type": "Basic Auth Credentials",
        "filename": ".venv\\Lib\\site-packages\\sqlalchemy\\dialects\\postgresql\\psycopg.py",
        "hashed_secret": "46e3d772a1888eadff26c7ada47fd7502d796e07",
        "is_verified": false,
        "line_number": 34
      }
    ],
    ".venv\\Lib\\site-packages\\sqlalchemy\\dialects\\postgresql\\psycopg2.py": [
      {
        "type": "Basic Auth Credentials",
        "filename": ".venv\\Lib\\site-packages\\sqlalchemy\\dialects\\postgresql\\psycopg2.py",
        "hashed_secret": "5baa61e4c9b93f3f0682250b6cf8331b7ee68fd8",
        "is_verified": false,
        "line_number": 13
      },
      {
        "type": "Basic Auth Credentials",
        "filename": ".venv\\Lib\\site-packages\\sqlalchemy\\dialects\\postgresql\\psycopg2.py",
        "hashed_secret": "46e3d772a1888eadff26c7ada47fd7502d796e07",
        "is_verified": false,
        "line_number": 63
      },
      {
        "type": "Basic Auth Credentials",
        "filename": ".venv\\Lib\\site-packages\\sqlalchemy\\dialects\\postgresql\\psycopg2.py",
        "hashed_secret": "9d4e1e23bd5b727046a9e3b4b7db57bd8d6ee684",
        "is_verified": false,
        "line_number": 347
      }
    ],
    ".venv\\Lib\\site-packages\\sqlalchemy\\dialects\\postgresql\\psycopg2cffi.py": [
      {
        "type": "Basic Auth Credentials",
        "filename": ".venv\\Lib\\site-packages\\sqlalchemy\\dialects\\postgresql\\psycopg2cffi.py",
        "hashed_secret": "5baa61e4c9b93f3f0682250b6cf8331b7ee68fd8",
        "is_verified": false,
        "line_number": 13
      }
    ],
    ".venv\\Lib\\site-packages\\sqlalchemy\\dialects\\sqlite\\pysqlite.py": [
      {
        "type": "Basic Auth Credentials",
        "filename": ".venv\\Lib\\site-packages\\sqlalchemy\\dialects\\sqlite\\pysqlite.py",
        "hashed_secret": "9d4e1e23bd5b727046a9e3b4b7db57bd8d6ee684",
        "is_verified": false,
        "line_number": 34
      }
    ],
    ".venv\\Lib\\site-packages\\sqlalchemy\\engine\\create.py": [
      {
        "type": "Basic Auth Credentials",
        "filename": ".venv\\Lib\\site-packages\\sqlalchemy\\engine\\create.py",
        "hashed_secret": "46e3d772a1888eadff26c7ada47fd7502d796e07",
        "is_verified": false,
        "line_number": 137
      },
      {
        "type": "Basic Auth Credentials",
        "filename": ".venv\\Lib\\site-packages\\sqlalchemy\\engine\\create.py",
        "hashed_secret": "5baa61e4c9b93f3f0682250b6cf8331b7ee68fd8",
        "is_verified": false,
        "line_number": 143
      }
    ],
    ".venv\\Lib\\site-packages\\sqlalchemy\\engine\\events.py": [
      {
        "type": "Secret Keyword",
        "filename": ".venv\\Lib\\site-packages\\sqlalchemy\\engine\\events.py",
        "hashed_secret": "7165f6d407dc2fd68528da63260a913e71623e86",
        "is_verified": false,
        "line_number": 853
      }
    ],
    ".venv\\Lib\\site-packages\\sqlalchemy\\engine\\interfaces.py": [
      {
        "type": "Basic Auth Credentials",
        "filename": ".venv\\Lib\\site-packages\\sqlalchemy\\engine\\interfaces.py",
        "hashed_secret": "46e3d772a1888eadff26c7ada47fd7502d796e07",
        "is_verified": false,
        "line_number": 2795
      }
    ],
    ".venv\\Lib\\site-packages\\sqlalchemy\\engine\\url.py": [
      {
        "type": "Basic Auth Credentials",
        "filename": ".venv\\Lib\\site-packages\\sqlalchemy\\engine\\url.py",
        "hashed_secret": "9d4e1e23bd5b727046a9e3b4b7db57bd8d6ee684",
        "is_verified": false,
        "line_number": 126
      }
    ],
    ".venv\\Lib\\site-packages\\sqlalchemy\\ext\\asyncio\\session.py": [
      {
        "type": "Basic Auth Credentials",
        "filename": ".venv\\Lib\\site-packages\\sqlalchemy\\ext\\asyncio\\session.py",
        "hashed_secret": "46e3d772a1888eadff26c7ada47fd7502d796e07",
        "is_verified": false,
        "line_number": 1639
      }
    ],
    ".venv\\Lib\\site-packages\\sqlalchemy\\sql\\schema.py": [
      {
        "type": "Basic Auth Credentials",
        "filename": ".venv\\Lib\\site-packages\\sqlalchemy\\sql\\schema.py",
        "hashed_secret": "46e3d772a1888eadff26c7ada47fd7502d796e07",
        "is_verified": false,
        "line_number": 1904
      }
    ],
    ".venv\\Lib\\site-packages\\urllib3\\util\\url.py": [
      {
        "type": "Basic Auth Credentials",
        "filename": ".venv\\Lib\\site-packages\\urllib3\\util\\url.py",
        "hashed_secret": "5baa61e4c9b93f3f0682250b6cf8331b7ee68fd8",
        "is_verified": false,
        "line_number": 186
      }
    ],
    ".venv\\Lib\\site-packages\\validators\\crypto_addresses\\btc_address.py": [
      {
        "type": "Base64 High Entropy String",
        "filename": ".venv\\Lib\\site-packages\\validators\\crypto_addresses\\btc_address.py",
        "hashed_secret": "1fbf29f4d01704e52025ffc9a6d73b5241be9e10",
        "is_verified": false,
        "line_number": 13
      },
      {
        "type": "Base64 High Entropy String",
        "filename": ".venv\\Lib\\site-packages\\validators\\crypto_addresses\\btc_address.py",
        "hashed_secret": "fcb3eee5d5aa1333d052356f3dc5e4779e0dcebc",
        "is_verified": false,
        "line_number": 35
      },
      {
        "type": "Base64 High Entropy String",
        "filename": ".venv\\Lib\\site-packages\\validators\\crypto_addresses\\btc_address.py",
        "hashed_secret": "3190f801db461da96a74e8f44884a1187f0ffa32",
        "is_verified": false,
        "line_number": 37
      }
    ],
    ".venv\\Lib\\site-packages\\validators\\crypto_addresses\\trx_address.py": [
      {
        "type": "Base64 High Entropy String",
        "filename": ".venv\\Lib\\site-packages\\validators\\crypto_addresses\\trx_address.py",
        "hashed_secret": "1fbf29f4d01704e52025ffc9a6d73b5241be9e10",
        "is_verified": false,
        "line_number": 13
      }
    ],
    ".venv\\Lib\\site-packages\\validators\\hashes.py": [
      {
        "type": "Hex High Entropy String",
        "filename": ".venv\\Lib\\site-packages\\validators\\hashes.py",
        "hashed_secret": "67a74306b06d0c01624fe0d0249a570f4d093747",
        "is_verified": false,
        "line_number": 15
      },
      {
        "type": "Hex High Entropy String",
        "filename": ".venv\\Lib\\site-packages\\validators\\hashes.py",
        "hashed_secret": "10a34637ad661d98ba3344717656fcc76209c2f8",
        "is_verified": false,
        "line_number": 36
      },
      {
        "type": "Hex High Entropy String",
        "filename": ".venv\\Lib\\site-packages\\validators\\hashes.py",
        "hashed_secret": "8184d1128245734da34975b1a8ae59281c6e4b63",
        "is_verified": false,
        "line_number": 57
      },
      {
        "type": "Hex High Entropy String",
        "filename": ".venv\\Lib\\site-packages\\validators\\hashes.py",
        "hashed_secret": "dc2f974fdf0068443616b36e32afc798f25200c8",
        "is_verified": false,
        "line_number": 79
      },
      {
        "type": "Hex High Entropy String",
        "filename": ".venv\\Lib\\site-packages\\validators\\hashes.py",
        "hashed_secret": "eeb5fd0eb34976686acdab9304b3d271f28727d1",
        "is_verified": false,
        "line_number": 80
      },
      {
        "type": "Hex High Entropy String",
        "filename": ".venv\\Lib\\site-packages\\validators\\hashes.py",
        "hashed_secret": "6974178821f8b5f60a70461e8f59b86c74e5be82",
        "is_verified": false,
        "line_number": 103
      },
      {
        "type": "Hex High Entropy String",
        "filename": ".venv\\Lib\\site-packages\\validators\\hashes.py",
        "hashed_secret": "6f9d933cf524ed55c19d876bc33a0481f041f433",
        "is_verified": false,
        "line_number": 104
      },
      {
        "type": "Hex High Entropy String",
        "filename": ".venv\\Lib\\site-packages\\validators\\hashes.py",
        "hashed_secret": "f8a2131e5bf3c84ee4dc41d09c8d996d7904a8cb",
        "is_verified": false,
        "line_number": 127
      },
      {
        "type": "Hex High Entropy String",
        "filename": ".venv\\Lib\\site-packages\\validators\\hashes.py",
        "hashed_secret": "caa815bdd61daaea4ab7c7b55d2171b754be9561",
        "is_verified": false,
        "line_number": 128
      }
    ],
    ".venv\\Lib\\site-packages\\validators\\i18n\\es.py": [
      {
        "type": "Base64 High Entropy String",
        "filename": ".venv\\Lib\\site-packages\\validators\\i18n\\es.py",
        "hashed_secret": "730f90d1f398a547038b8b49418ece6d252a6bea",
        "is_verified": false,
        "line_number": 15
      }
    ],
    ".venv\\Lib\\site-packages\\validators\\i18n\\fi.py": [
      {
        "type": "Base64 High Entropy String",
        "filename": ".venv\\Lib\\site-packages\\validators\\i18n\\fi.py",
        "hashed_secret": "c2cbe3b30728a86654a2c572e0205b9b3e6b9c1a",
        "is_verified": false,
        "line_number": 94
      }
    ],
    ".venv\\Lib\\site-packages\\validators\\i18n\\ind.py": [
      {
        "type": "Hex High Entropy String",
        "filename": ".venv\\Lib\\site-packages\\validators\\i18n\\ind.py",
        "hashed_secret": "03d1ae6224ac28e45780ca7fab1d50ad5d0200a1",
        "is_verified": false,
        "line_number": 37
      }
    ],
    ".venv\\Lib\\site-packages\\validators\\url.py": [
      {
        "type": "Basic Auth Credentials",
        "filename": ".venv\\Lib\\site-packages\\validators\\url.py",
        "hashed_secret": "25aff7f4b1bb747833f5175789a1998b31ca4ed4",
        "is_verified": false,
        "line_number": 185
      }
    ],
    "site\\404.html": [
      {
        "type": "Base64 High Entropy String",
        "filename": "site\\404.html",
        "hashed_secret": "1239170d4410933194577dc72b7bfab6fdc33271",
        "is_verified": false,
        "line_number": 322
      },
      {
        "type": "Base64 High Entropy String",
        "filename": "site\\404.html",
        "hashed_secret": "e4de8eccaf1e5e739667b6e712d83720cc7f34d9",
        "is_verified": false,
        "line_number": 1380
      }
    ]
  },
  "generated_at": "2026-01-11T23:58:21Z"
}
